\BOOKMARK [1][-]{section.1}{\376\377\000I\000n\000t\000r\000o\000d\000u\000c\000t\000i\000o\000n\000\040\000t\000o\000\040\000P\000i\000x\000e\000l\000R\000N\000N}{}% 1
\BOOKMARK [1][-]{section.2}{\376\377\000A\000u\000t\000o\000r\000e\000g\000r\000e\000s\000s\000i\000v\000e\000\040\000M\000o\000d\000e\000l\000i\000n\000g\000\040\000i\000n\000\040\000P\000i\000x\000e\000l\000R\000N\000N}{}% 2
\BOOKMARK [1][-]{section.3}{\376\377\000R\000o\000w\000\040\000L\000S\000T\000M\000\040\000L\000a\000y\000e\000r}{}% 3
\BOOKMARK [2][-]{subsection.3.1}{\376\377\000I\000n\000t\000u\000i\000t\000i\000o\000n}{section.3}% 4
\BOOKMARK [1][-]{section.4}{\376\377\000D\000i\000a\000g\000o\000n\000a\000l\000\040\000B\000i\000L\000S\000T\000M\000\040\000L\000a\000y\000e\000r}{}% 5
\BOOKMARK [2][-]{subsection.4.1}{\376\377\000I\000n\000t\000u\000i\000t\000i\000o\000n}{section.4}% 6
\BOOKMARK [1][-]{section.5}{\376\377\000R\000e\000s\000i\000d\000u\000a\000l\000\040\000C\000o\000n\000n\000e\000c\000t\000i\000o\000n\000s}{}% 7
\BOOKMARK [1][-]{section.6}{\376\377\000O\000u\000t\000p\000u\000t\000\040\000L\000a\000y\000e\000r\000\040\000a\000n\000d\000\040\000M\000u\000l\000t\000i\000n\000o\000m\000i\000a\000l\000\040\000D\000i\000s\000t\000r\000i\000b\000u\000t\000i\000o\000n}{}% 8
\BOOKMARK [2][-]{subsection.6.1}{\376\377\000I\000n\000t\000u\000i\000t\000i\000o\000n}{section.6}% 9
\BOOKMARK [1][-]{section.7}{\376\377\000P\000i\000x\000e\000l\000C\000N\000N\000\040\000a\000s\000\040\000a\000n\000\040\000A\000l\000t\000e\000r\000n\000a\000t\000i\000v\000e}{}% 10
\BOOKMARK [2][-]{subsection.7.1}{\376\377\000M\000a\000s\000k\000e\000d\000\040\000C\000o\000n\000v\000o\000l\000u\000t\000i\000o\000n\000s}{section.7}% 11
\BOOKMARK [2][-]{subsection.7.2}{\376\377\000F\000u\000l\000l\000y\000\040\000C\000o\000n\000v\000o\000l\000u\000t\000i\000o\000n\000a\000l\000\040\000S\000t\000r\000u\000c\000t\000u\000r\000e}{section.7}% 12
\BOOKMARK [2][-]{subsection.7.3}{\376\377\000I\000n\000t\000u\000i\000t\000i\000o\000n}{section.7}% 13
\BOOKMARK [1][-]{section.8}{\376\377\000C\000o\000n\000c\000l\000u\000s\000i\000o\000n}{}% 14
\BOOKMARK [1][-]{section.9}{\376\377\000I\000n\000t\000r\000o\000d\000u\000c\000t\000i\000o\000n\000\040\000t\000o\000\040\000L\000S\000T\000M}{}% 15
\BOOKMARK [1][-]{section.10}{\376\377\000S\000t\000r\000u\000c\000t\000u\000r\000e\000\040\000o\000f\000\040\000a\000n\000\040\000L\000S\000T\000M\000\040\000C\000e\000l\000l}{}% 16
\BOOKMARK [1][-]{section.11}{\376\377\000M\000a\000t\000h\000e\000m\000a\000t\000i\000c\000a\000l\000\040\000F\000o\000r\000m\000u\000l\000a\000t\000i\000o\000n}{}% 17
\BOOKMARK [2][-]{subsection.11.1}{\376\377\000F\000o\000r\000g\000e\000t\000\040\000G\000a\000t\000e}{section.11}% 18
\BOOKMARK [2][-]{subsection.11.2}{\376\377\000I\000n\000p\000u\000t\000\040\000G\000a\000t\000e}{section.11}% 19
\BOOKMARK [2][-]{subsection.11.3}{\376\377\000C\000a\000n\000d\000i\000d\000a\000t\000e\000\040\000C\000e\000l\000l\000\040\000S\000t\000a\000t\000e}{section.11}% 20
\BOOKMARK [2][-]{subsection.11.4}{\376\377\000C\000e\000l\000l\000\040\000S\000t\000a\000t\000e\000\040\000U\000p\000d\000a\000t\000e}{section.11}% 21
\BOOKMARK [2][-]{subsection.11.5}{\376\377\000O\000u\000t\000p\000u\000t\000\040\000G\000a\000t\000e\000\040\000a\000n\000d\000\040\000H\000i\000d\000d\000e\000n\000\040\000S\000t\000a\000t\000e}{section.11}% 22
\BOOKMARK [1][-]{section.12}{\376\377\000S\000u\000m\000m\000a\000r\000y\000\040\000o\000f\000\040\000L\000S\000T\000M\000\040\000C\000o\000m\000p\000u\000t\000a\000t\000i\000o\000n\000\040\000S\000t\000e\000p\000s}{}% 23
\BOOKMARK [1][-]{section.13}{\376\377\000I\000n\000t\000u\000i\000t\000i\000o\000n\000\040\000a\000n\000d\000\040\000A\000d\000v\000a\000n\000t\000a\000g\000e\000s\000\040\000o\000f\000\040\000L\000S\000T\000M}{}% 24
\BOOKMARK [1][-]{section.14}{\376\377\000C\000o\000n\000c\000l\000u\000s\000i\000o\000n}{}% 25
